AR bbfifo_16x8 low_level_definition C:/Cursos/IntroFpga/Practica02/bbfifo_16x8.vhd sub00/vhpl03 1442358602
EN uart_clock NULL C:/Cursos/IntroFpga/Practica02/uart_clock.vhd sub00/vhpl16 1442358615
AR uart_tx macro_level_definition C:/Cursos/IntroFpga/Practica02/uart_tx.vhd sub00/vhpl13 1442358612
AR uart_clock behavioral C:/Cursos/IntroFpga/Practica02/uart_clock.vhd sub00/vhpl17 1442358616
AR kcuart_tx low_level_definition C:/Cursos/IntroFpga/Practica02/kcuart_tx.vhd sub00/vhpl05 1442358604
EN my_dcm NULL C:/Cursos/IntroFpga/Practica02/my_dcm.vhd sub00/vhpl10 1442358609
AR kcpsm3 low_level_definition C:/Cursos/IntroFpga/Practica02/kcpsm3.vhd sub00/vhpl07 1442358606
AR uart_rx macro_level_definition C:/Cursos/IntroFpga/Practica02/uart_rx.vhd sub00/vhpl15 1442358614
EN uclock NULL C:/Cursos/IntroFpga/Practica02/UCLOCK.VHD sub00/vhpl08 1442358607
EN kcuart_rx NULL C:/Cursos/IntroFpga/Practica02/kcuart_rx.vhd sub00/vhpl00 1442358599
EN kcuart_tx NULL C:/Cursos/IntroFpga/Practica02/kcuart_tx.vhd sub00/vhpl04 1442358603
EN kcpsm3 NULL C:/Cursos/IntroFpga/Practica02/kcpsm3.vhd sub00/vhpl06 1442358605
EN bbfifo_16x8 NULL C:/Cursos/IntroFpga/Practica02/bbfifo_16x8.vhd sub00/vhpl02 1442358601
AR my_dcm behavioral C:/Cursos/IntroFpga/Practica02/my_dcm.vhd sub00/vhpl11 1442358610
EN uart_rx NULL C:/Cursos/IntroFpga/Practica02/uart_rx.vhd sub00/vhpl14 1442358613
AR kcuart_rx low_level_definition C:/Cursos/IntroFpga/Practica02/kcuart_rx.vhd sub00/vhpl01 1442358600
EN uart_tx NULL C:/Cursos/IntroFpga/Practica02/uart_tx.vhd sub00/vhpl12 1442358611
AR uclock low_level_definition C:/Cursos/IntroFpga/Practica02/UCLOCK.VHD sub00/vhpl09 1442358608
