PH floatpointconst NULL C:/Cursos/IntroFpga/TrabajoFinal/preSuma/floatPointConst.vhd sub00/vhpl00 1453556291
EN presuma_test NULL C:/Cursos/IntroFpga/TrabajoFinal/preSuma/preSuma.vhd sub00/vhpl04 1453556295
AR presuma_test presuma_test_arq C:/Cursos/IntroFpga/TrabajoFinal/preSuma/preSuma.vhd sub00/vhpl05 1453556296
EN presuma NULL C:/Cursos/IntroFpga/TrabajoFinal/preSuma/preSuma.vhd sub00/vhpl02 1453556293
PB floatpointconst floatpointconst C:/Cursos/IntroFpga/TrabajoFinal/preSuma/floatPointConst.vhd sub00/vhpl01 1453556292
AR presuma behavioral C:/Cursos/IntroFpga/TrabajoFinal/preSuma/preSuma.vhd sub00/vhpl03 1453556294
