V3 9
FL C:/Cursos/IntroFpga/TrabajoFinal/FloatPointALU/FloatPointALU.vhd 2016/01/27.14:14:11 P.49d
EN work/FloatPointALU 1453914858 \
      FL C:/Cursos/IntroFpga/TrabajoFinal/FloatPointALU/FloatPointALU.vhd \
      PB ieee/std_logic_1164 1354696159 PB ieee/NUMERIC_STD 1354696164 \
      PB work/floatPointConst 1453914857
AR work/FloatPointALU/Behavioral 1453914859 \
      FL C:/Cursos/IntroFpga/TrabajoFinal/FloatPointALU/FloatPointALU.vhd \
      EN work/FloatPointALU 1453914858
EN work/FloatPointALU_test 1453914860 \
      FL C:/Cursos/IntroFpga/TrabajoFinal/FloatPointALU/FloatPointALU.vhd \
      PB ieee/std_logic_1164 1354696159 PB ieee/NUMERIC_STD 1354696164 \
      PB work/floatPointConst 1453914857
AR work/FloatPointALU_test/FloatPointALU_test_arq 1453914861 \
      FL C:/Cursos/IntroFpga/TrabajoFinal/FloatPointALU/FloatPointALU.vhd \
      EN work/FloatPointALU_test 1453914860 CP FloatPointALU
FL C:/Cursos/IntroFpga/TrabajoFinal/FloatPointALU/floatPointConst.vhd 2016/01/23.11:20:34 P.49d
PH work/floatPointConst 1453914856 \
      FL C:/Cursos/IntroFpga/TrabajoFinal/FloatPointALU/floatPointConst.vhd \
      PB ieee/std_logic_1164 1354696159
PB work/floatPointConst 1453914857 \
      FL C:/Cursos/IntroFpga/TrabajoFinal/FloatPointALU/floatPointConst.vhd \
      PH work/floatPointConst 1453914856
