AR bbfifo_16x8 low_level_definition C:/Cursos/IntroFpga/Practica03/time_const/bbfifo_16x8.vhd sub00/vhpl03 1443567635
EN loopback NULL C:/Cursos/IntroFpga/Practica03/time_const/loopback.vhd sub00/vhpl16 1443567648
AR uart_tx macro_level_definition C:/Cursos/IntroFpga/Practica03/time_const/uart_tx.vhd sub00/vhpl13 1443567645
AR kcuart_tx low_level_definition C:/Cursos/IntroFpga/Practica03/time_const/kcuart_tx.vhd sub00/vhpl05 1443567637
EN program NULL C:/Cursos/IntroFpga/Practica03/Assembler/PROGRAM.VHD sub00/vhpl08 1443567640
EN my_dcm NULL C:/Cursos/IntroFpga/Practica03/time_const/my_dcm.vhd sub00/vhpl10 1443567642
AR kcpsm3 low_level_definition C:/Cursos/IntroFpga/Practica03/time_const/kcpsm3.vhd sub00/vhpl07 1443567639
AR loopback behavioral C:/Cursos/IntroFpga/Practica03/time_const/loopback.vhd sub00/vhpl17 1443567649
AR uart_rx macro_level_definition C:/Cursos/IntroFpga/Practica03/time_const/uart_rx.vhd sub00/vhpl15 1443567647
EN kcuart_rx NULL C:/Cursos/IntroFpga/Practica03/time_const/kcuart_rx.vhd sub00/vhpl00 1443567632
EN kcuart_tx NULL C:/Cursos/IntroFpga/Practica03/time_const/kcuart_tx.vhd sub00/vhpl04 1443567636
EN kcpsm3 NULL C:/Cursos/IntroFpga/Practica03/time_const/kcpsm3.vhd sub00/vhpl06 1443567638
EN bbfifo_16x8 NULL C:/Cursos/IntroFpga/Practica03/time_const/bbfifo_16x8.vhd sub00/vhpl02 1443567634
AR my_dcm behavioral C:/Cursos/IntroFpga/Practica03/time_const/my_dcm.vhd sub00/vhpl11 1443567643
AR program low_level_definition C:/Cursos/IntroFpga/Practica03/Assembler/PROGRAM.VHD sub00/vhpl09 1443567641
EN uart_rx NULL C:/Cursos/IntroFpga/Practica03/time_const/uart_rx.vhd sub00/vhpl14 1443567646
AR kcuart_rx low_level_definition C:/Cursos/IntroFpga/Practica03/time_const/kcuart_rx.vhd sub00/vhpl01 1443567633
EN uart_tx NULL C:/Cursos/IntroFpga/Practica03/time_const/uart_tx.vhd sub00/vhpl12 1443567644
