AR bbfifo_16x8 low_level_definition C:/Cursos/IntroFpga/Practica05/coregen/bbfifo_16x8.vhd sub00/vhpl03 1444171611
EN loopback NULL C:/Cursos/IntroFpga/Practica05/coregen/loopback.vhd sub00/vhpl16 1444171624
AR program program_a C:/Cursos/IntroFpga/Practica05/coregen/ipcore_dir/program.vhd sub00/vhpl09 1444171617
AR uart_tx macro_level_definition C:/Cursos/IntroFpga/Practica05/coregen/uart_tx.vhd sub00/vhpl13 1444171621
AR kcuart_tx low_level_definition C:/Cursos/IntroFpga/Practica05/coregen/kcuart_tx.vhd sub00/vhpl05 1444171613
EN program NULL C:/Cursos/IntroFpga/Practica05/coregen/ipcore_dir/program.vhd sub00/vhpl08 1444171616
EN my_dcm NULL C:/Cursos/IntroFpga/Practica05/coregen/my_dcm.vhd sub00/vhpl10 1444171618
AR kcpsm3 low_level_definition C:/Cursos/IntroFpga/Practica05/coregen/kcpsm3.vhd sub00/vhpl07 1444171615
AR loopback behavioral C:/Cursos/IntroFpga/Practica05/coregen/loopback.vhd sub00/vhpl17 1444171625
AR uart_rx macro_level_definition C:/Cursos/IntroFpga/Practica05/coregen/uart_rx.vhd sub00/vhpl15 1444171623
EN kcuart_rx NULL C:/Cursos/IntroFpga/Practica05/coregen/kcuart_rx.vhd sub00/vhpl00 1444171608
EN kcuart_tx NULL C:/Cursos/IntroFpga/Practica05/coregen/kcuart_tx.vhd sub00/vhpl04 1444171612
EN kcpsm3 NULL C:/Cursos/IntroFpga/Practica05/coregen/kcpsm3.vhd sub00/vhpl06 1444171614
EN bbfifo_16x8 NULL C:/Cursos/IntroFpga/Practica05/coregen/bbfifo_16x8.vhd sub00/vhpl02 1444171610
AR my_dcm behavioral C:/Cursos/IntroFpga/Practica05/coregen/my_dcm.vhd sub00/vhpl11 1444171619
EN uart_rx NULL C:/Cursos/IntroFpga/Practica05/coregen/uart_rx.vhd sub00/vhpl14 1444171622
AR kcuart_rx low_level_definition C:/Cursos/IntroFpga/Practica05/coregen/kcuart_rx.vhd sub00/vhpl01 1444171609
EN uart_tx NULL C:/Cursos/IntroFpga/Practica05/coregen/uart_tx.vhd sub00/vhpl12 1444171620
