PH floatpointconst NULL C:/Cursos/IntroFpga/TrabajoFinal/Test1Suma/Test1Suma/floatPointConst.vhd sub00/vhpl04 1453500416
EN test1suma_test NULL C:/Cursos/IntroFpga/TrabajoFinal/Test1Suma/Test1Suma/Test1Suma.vhd sub00/vhpl02 1453500420
PB floatpointconst floatpointconst C:/Cursos/IntroFpga/TrabajoFinal/Test1Suma/Test1Suma/floatPointConst.vhd sub00/vhpl05 1453500417
AR test1suma_test test1suma_test_arq C:/Cursos/IntroFpga/TrabajoFinal/Test1Suma/Test1Suma/Test1Suma.vhd sub00/vhpl03 1453500421
AR test1suma behavioral C:/Cursos/IntroFpga/TrabajoFinal/Test1Suma/Test1Suma/Test1Suma.vhd sub00/vhpl01 1453500419
EN test1suma NULL C:/Cursos/IntroFpga/TrabajoFinal/Test1Suma/Test1Suma/Test1Suma.vhd sub00/vhpl00 1453500418
