V3 9
FL C:/Cursos/IntroFpga/TrabajoFinal/Test1Suma/Test1Suma/floatPointConst.vhd 2016/01/22.19:01:20 P.49d
PH work/floatPointConst 1453500416 \
      FL C:/Cursos/IntroFpga/TrabajoFinal/Test1Suma/Test1Suma/floatPointConst.vhd \
      PB ieee/std_logic_1164 1354696159
PB work/floatPointConst 1453500417 \
      FL C:/Cursos/IntroFpga/TrabajoFinal/Test1Suma/Test1Suma/floatPointConst.vhd \
      PH work/floatPointConst 1453500416
FL C:/Cursos/IntroFpga/TrabajoFinal/Test1Suma/Test1Suma/Test1Suma.vhd 2016/01/22.19:06:50 P.49d
EN work/Test1Suma 1453500418 \
      FL C:/Cursos/IntroFpga/TrabajoFinal/Test1Suma/Test1Suma/Test1Suma.vhd \
      PB ieee/std_logic_1164 1354696159 PB ieee/NUMERIC_STD 1354696164 \
      PB work/floatPointConst 1453500417
AR work/Test1Suma/Behavioral 1453500419 \
      FL C:/Cursos/IntroFpga/TrabajoFinal/Test1Suma/Test1Suma/Test1Suma.vhd \
      EN work/Test1Suma 1453500418
EN work/Test1Suma_test 1453500420 \
      FL C:/Cursos/IntroFpga/TrabajoFinal/Test1Suma/Test1Suma/Test1Suma.vhd \
      PB ieee/std_logic_1164 1354696159 PB ieee/NUMERIC_STD 1354696164 \
      PB work/floatPointConst 1453500417
AR work/Test1Suma_test/Test1Suma_test_arq 1453500421 \
      FL C:/Cursos/IntroFpga/TrabajoFinal/Test1Suma/Test1Suma/Test1Suma.vhd \
      EN work/Test1Suma_test 1453500420 CP Test1Suma
