PH floatpointconst NULL C:/Cursos/IntroFpga/TrabajoFinal/FloatPointALU/floatPointConst.vhd sub00/vhpl00 1453914856
AR floatpointalu_test floatpointalu_test_arq C:/Cursos/IntroFpga/TrabajoFinal/FloatPointALU/FloatPointALU.vhd sub00/vhpl05 1453914861
EN floatpointalu NULL C:/Cursos/IntroFpga/TrabajoFinal/FloatPointALU/FloatPointALU.vhd sub00/vhpl02 1453914858
PB floatpointconst floatpointconst C:/Cursos/IntroFpga/TrabajoFinal/FloatPointALU/floatPointConst.vhd sub00/vhpl01 1453914857
AR floatpointalu behavioral C:/Cursos/IntroFpga/TrabajoFinal/FloatPointALU/FloatPointALU.vhd sub00/vhpl03 1453914859
EN floatpointalu_test NULL C:/Cursos/IntroFpga/TrabajoFinal/FloatPointALU/FloatPointALU.vhd sub00/vhpl04 1453914860
