V3 9
FL C:/Cursos/IntroFpga/TrabajoFinal/preSuma/floatPointConst.vhd 2016/01/22.21:20:47 P.49d
PH work/floatPointConst 1453556291 \
      FL C:/Cursos/IntroFpga/TrabajoFinal/preSuma/floatPointConst.vhd \
      PB ieee/std_logic_1164 1354696159
PB work/floatPointConst 1453556292 \
      FL C:/Cursos/IntroFpga/TrabajoFinal/preSuma/floatPointConst.vhd \
      PH work/floatPointConst 1453556291
FL C:/Cursos/IntroFpga/TrabajoFinal/preSuma/preSuma.vhd 2016/01/23.10:38:01 P.49d
EN work/preSuma 1453556293 \
      FL C:/Cursos/IntroFpga/TrabajoFinal/preSuma/preSuma.vhd \
      PB ieee/std_logic_1164 1354696159 PB work/floatPointConst 1453556292
AR work/preSuma/Behavioral 1453556294 \
      FL C:/Cursos/IntroFpga/TrabajoFinal/preSuma/preSuma.vhd EN work/preSuma 1453556293
EN work/PreSuma_test 1453556295 \
      FL C:/Cursos/IntroFpga/TrabajoFinal/preSuma/preSuma.vhd \
      PB ieee/std_logic_1164 1354696159 PB ieee/NUMERIC_STD 1354696164 \
      PB work/floatPointConst 1453556292
AR work/PreSuma_test/PreSuma_test_arq 1453556296 \
      FL C:/Cursos/IntroFpga/TrabajoFinal/preSuma/preSuma.vhd \
      EN work/PreSuma_test 1453556295 CP PreSuma
