AR bbfifo_16x8 low_level_definition C:/Cursos/IntroFpga/Practica04/synth_lab/bbfifo_16x8.vhd sub00/vhpl03 1443572988
EN loopback NULL C:/Cursos/IntroFpga/Practica04/synth_lab/loopback.vhd sub00/vhpl16 1443573001
AR uart_tx macro_level_definition C:/Cursos/IntroFpga/Practica04/synth_lab/uart_tx.vhd sub00/vhpl13 1443572998
AR kcuart_tx low_level_definition C:/Cursos/IntroFpga/Practica04/synth_lab/kcuart_tx.vhd sub00/vhpl05 1443572990
EN program NULL C:/Cursos/IntroFpga/Practica04/Assembler/PROGRAM.VHD sub00/vhpl08 1443572993
EN my_dcm NULL C:/Cursos/IntroFpga/Practica04/synth_lab/my_dcm.vhd sub00/vhpl10 1443572995
AR kcpsm3 low_level_definition C:/Cursos/IntroFpga/Practica04/synth_lab/kcpsm3.vhd sub00/vhpl07 1443572992
AR loopback behavioral C:/Cursos/IntroFpga/Practica04/synth_lab/loopback.vhd sub00/vhpl17 1443573002
AR uart_rx macro_level_definition C:/Cursos/IntroFpga/Practica04/synth_lab/uart_rx.vhd sub00/vhpl15 1443573000
EN kcuart_rx NULL C:/Cursos/IntroFpga/Practica04/synth_lab/kcuart_rx.vhd sub00/vhpl00 1443572985
EN kcuart_tx NULL C:/Cursos/IntroFpga/Practica04/synth_lab/kcuart_tx.vhd sub00/vhpl04 1443572989
EN kcpsm3 NULL C:/Cursos/IntroFpga/Practica04/synth_lab/kcpsm3.vhd sub00/vhpl06 1443572991
EN bbfifo_16x8 NULL C:/Cursos/IntroFpga/Practica04/synth_lab/bbfifo_16x8.vhd sub00/vhpl02 1443572987
AR my_dcm behavioral C:/Cursos/IntroFpga/Practica04/synth_lab/my_dcm.vhd sub00/vhpl11 1443572996
AR program low_level_definition C:/Cursos/IntroFpga/Practica04/Assembler/PROGRAM.VHD sub00/vhpl09 1443572994
EN uart_rx NULL C:/Cursos/IntroFpga/Practica04/synth_lab/uart_rx.vhd sub00/vhpl14 1443572999
AR kcuart_rx low_level_definition C:/Cursos/IntroFpga/Practica04/synth_lab/kcuart_rx.vhd sub00/vhpl01 1443572986
EN uart_tx NULL C:/Cursos/IntroFpga/Practica04/synth_lab/uart_tx.vhd sub00/vhpl12 1443572997
