EN picoblaze_test NULL C:/Cursos/IntroFpga/TrabajoFinal/picoblaze/picoblaze/picoblaze.vhd sub00/vhpl06 1453850084
AR picoblaze_test picoblaze_test_arq C:/Cursos/IntroFpga/TrabajoFinal/picoblaze/picoblaze/picoblaze.vhd sub00/vhpl07 1453850085
AR kcpsm3 low_level_definition C:/Cursos/IntroFpga/TrabajoFinal/picoblaze/picoblaze/kcpsm3.vhd sub00/vhpl01 1453850079
EN picocode NULL C:/Cursos/IntroFpga/TrabajoFinal/picoblaze/picoblaze/PICOCODE.VHD sub00/vhpl02 1453850080
AR picoblaze behavioral C:/Cursos/IntroFpga/TrabajoFinal/picoblaze/picoblaze/picoblaze.vhd sub00/vhpl05 1453850083
EN kcpsm3 NULL C:/Cursos/IntroFpga/TrabajoFinal/picoblaze/picoblaze/kcpsm3.vhd sub00/vhpl00 1453850078
AR picocode low_level_definition C:/Cursos/IntroFpga/TrabajoFinal/picoblaze/picoblaze/PICOCODE.VHD sub00/vhpl03 1453850081
EN picoblaze NULL C:/Cursos/IntroFpga/TrabajoFinal/picoblaze/picoblaze/picoblaze.vhd sub00/vhpl04 1453850082
